[1.565s] DEBUG:colcon:Command line arguments: ['/usr/bin/colcon', 'build']
[1.566s] DEBUG:colcon:Parsed command line arguments: Namespace(log_base=None, log_level=None, verb_name='build', build_base='build', install_base='install', merge_install=False, symlink_install=False, test_result_base=None, continue_on_error=False, executor='parallel', parallel_workers=8, event_handlers=None, ignore_user_meta=False, metas=['./colcon.meta'], base_paths=['.'], packages_ignore=None, packages_ignore_regex=None, paths=None, packages_up_to=None, packages_up_to_regex=None, packages_above=None, packages_above_and_dependencies=None, packages_above_depth=None, packages_select_by_dep=None, packages_skip_by_dep=None, packages_skip_up_to=None, packages_select_build_failed=False, packages_skip_build_finished=False, packages_select_test_failures=False, packages_skip_test_passed=False, packages_select=None, packages_skip=None, packages_select_regex=None, packages_skip_regex=None, packages_start=None, packages_end=None, cmake_args=None, cmake_target=None, cmake_target_skip_unavailable=False, cmake_clean_cache=False, cmake_clean_first=False, cmake_force_configure=False, ament_cmake_args=None, catkin_cmake_args=None, catkin_skip_building_tests=False, mixin_files=None, mixin=None, verb_parser=<colcon_mixin.mixin.mixin_argument.MixinArgumentDecorator object at 0x7f5163dc51b0>, verb_extension=<colcon_core.verb.build.BuildVerb object at 0x7f5163dc4760>, main=<bound method BuildVerb.main of <colcon_core.verb.build.BuildVerb object at 0x7f5163dc4760>>, mixin_verb=('build',))
[1.637s] Level 1:colcon.colcon_core.package_discovery:discover_packages(colcon_meta) check parameters
[1.637s] Level 1:colcon.colcon_core.package_discovery:discover_packages(recursive) check parameters
[1.637s] Level 1:colcon.colcon_core.package_discovery:discover_packages(ignore) check parameters
[1.637s] Level 1:colcon.colcon_core.package_discovery:discover_packages(path) check parameters
[1.637s] Level 1:colcon.colcon_core.package_discovery:discover_packages(colcon_meta) discover
[1.637s] Level 1:colcon.colcon_core.package_discovery:discover_packages(recursive) discover
[1.637s] INFO:colcon.colcon_core.package_discovery:Crawling recursively for packages in '/home/user/ros2_ws'
[1.638s] Level 1:colcon.colcon_core.package_identification:_identify(.) by extensions ['ignore', 'ignore_ament_install']
[1.638s] Level 1:colcon.colcon_core.package_identification:_identify(.) by extension 'ignore'
[1.638s] Level 1:colcon.colcon_core.package_identification:_identify(.) by extension 'ignore_ament_install'
[1.638s] Level 1:colcon.colcon_core.package_identification:_identify(.) by extensions ['colcon_pkg']
[1.638s] Level 1:colcon.colcon_core.package_identification:_identify(.) by extension 'colcon_pkg'
[1.638s] Level 1:colcon.colcon_core.package_identification:_identify(.) by extensions ['colcon_meta']
[1.638s] Level 1:colcon.colcon_core.package_identification:_identify(.) by extension 'colcon_meta'
[1.638s] Level 1:colcon.colcon_core.package_identification:_identify(.) by extensions ['ros']
[1.638s] Level 1:colcon.colcon_core.package_identification:_identify(.) by extension 'ros'
[1.655s] Level 1:colcon.colcon_core.package_identification:_identify(.) by extensions ['cmake', 'python']
[1.655s] Level 1:colcon.colcon_core.package_identification:_identify(.) by extension 'cmake'
[1.655s] Level 1:colcon.colcon_core.package_identification:_identify(.) by extension 'python'
[1.655s] Level 1:colcon.colcon_core.package_identification:_identify(.) by extensions ['python_setup_py']
[1.655s] Level 1:colcon.colcon_core.package_identification:_identify(.) by extension 'python_setup_py'
[1.655s] Level 1:colcon.colcon_core.package_identification:_identify(build) by extensions ['ignore', 'ignore_ament_install']
[1.655s] Level 1:colcon.colcon_core.package_identification:_identify(build) by extension 'ignore'
[1.655s] Level 1:colcon.colcon_core.package_identification:_identify(build) ignored
[1.655s] Level 1:colcon.colcon_core.package_identification:_identify(install) by extensions ['ignore', 'ignore_ament_install']
[1.655s] Level 1:colcon.colcon_core.package_identification:_identify(install) by extension 'ignore'
[1.655s] Level 1:colcon.colcon_core.package_identification:_identify(install) ignored
[1.656s] Level 1:colcon.colcon_core.package_identification:_identify(log) by extensions ['ignore', 'ignore_ament_install']
[1.656s] Level 1:colcon.colcon_core.package_identification:_identify(log) by extension 'ignore'
[1.656s] Level 1:colcon.colcon_core.package_identification:_identify(log) ignored
[1.656s] Level 1:colcon.colcon_core.package_identification:_identify(src) by extensions ['ignore', 'ignore_ament_install']
[1.656s] Level 1:colcon.colcon_core.package_identification:_identify(src) by extension 'ignore'
[1.656s] Level 1:colcon.colcon_core.package_identification:_identify(src) by extension 'ignore_ament_install'
[1.656s] Level 1:colcon.colcon_core.package_identification:_identify(src) by extensions ['colcon_pkg']
[1.656s] Level 1:colcon.colcon_core.package_identification:_identify(src) by extension 'colcon_pkg'
[1.656s] Level 1:colcon.colcon_core.package_identification:_identify(src) by extensions ['colcon_meta']
[1.656s] Level 1:colcon.colcon_core.package_identification:_identify(src) by extension 'colcon_meta'
[1.656s] Level 1:colcon.colcon_core.package_identification:_identify(src) by extensions ['ros']
[1.656s] Level 1:colcon.colcon_core.package_identification:_identify(src) by extension 'ros'
[1.656s] Level 1:colcon.colcon_core.package_identification:_identify(src) by extensions ['cmake', 'python']
[1.656s] Level 1:colcon.colcon_core.package_identification:_identify(src) by extension 'cmake'
[1.656s] Level 1:colcon.colcon_core.package_identification:_identify(src) by extension 'python'
[1.656s] Level 1:colcon.colcon_core.package_identification:_identify(src) by extensions ['python_setup_py']
[1.656s] Level 1:colcon.colcon_core.package_identification:_identify(src) by extension 'python_setup_py'
[1.656s] Level 1:colcon.colcon_core.package_identification:_identify(src/yolo_ros) by extensions ['ignore', 'ignore_ament_install']
[1.657s] Level 1:colcon.colcon_core.package_identification:_identify(src/yolo_ros) by extension 'ignore'
[1.657s] Level 1:colcon.colcon_core.package_identification:_identify(src/yolo_ros) by extension 'ignore_ament_install'
[1.657s] Level 1:colcon.colcon_core.package_identification:_identify(src/yolo_ros) by extensions ['colcon_pkg']
[1.657s] Level 1:colcon.colcon_core.package_identification:_identify(src/yolo_ros) by extension 'colcon_pkg'
[1.657s] Level 1:colcon.colcon_core.package_identification:_identify(src/yolo_ros) by extensions ['colcon_meta']
[1.657s] Level 1:colcon.colcon_core.package_identification:_identify(src/yolo_ros) by extension 'colcon_meta'
[1.657s] Level 1:colcon.colcon_core.package_identification:_identify(src/yolo_ros) by extensions ['ros']
[1.657s] Level 1:colcon.colcon_core.package_identification:_identify(src/yolo_ros) by extension 'ros'
[1.657s] Level 1:colcon.colcon_core.package_identification:_identify(src/yolo_ros) by extensions ['cmake', 'python']
[1.657s] Level 1:colcon.colcon_core.package_identification:_identify(src/yolo_ros) by extension 'cmake'
[1.657s] Level 1:colcon.colcon_core.package_identification:_identify(src/yolo_ros) by extension 'python'
[1.657s] Level 1:colcon.colcon_core.package_identification:_identify(src/yolo_ros) by extensions ['python_setup_py']
[1.657s] Level 1:colcon.colcon_core.package_identification:_identify(src/yolo_ros) by extension 'python_setup_py'
[1.657s] Level 1:colcon.colcon_core.package_identification:_identify(src/yolo_ros/docs) by extensions ['ignore', 'ignore_ament_install']
[1.657s] Level 1:colcon.colcon_core.package_identification:_identify(src/yolo_ros/docs) by extension 'ignore'
[1.657s] Level 1:colcon.colcon_core.package_identification:_identify(src/yolo_ros/docs) by extension 'ignore_ament_install'
[1.657s] Level 1:colcon.colcon_core.package_identification:_identify(src/yolo_ros/docs) by extensions ['colcon_pkg']
[1.657s] Level 1:colcon.colcon_core.package_identification:_identify(src/yolo_ros/docs) by extension 'colcon_pkg'
[1.657s] Level 1:colcon.colcon_core.package_identification:_identify(src/yolo_ros/docs) by extensions ['colcon_meta']
[1.657s] Level 1:colcon.colcon_core.package_identification:_identify(src/yolo_ros/docs) by extension 'colcon_meta'
[1.658s] Level 1:colcon.colcon_core.package_identification:_identify(src/yolo_ros/docs) by extensions ['ros']
[1.658s] Level 1:colcon.colcon_core.package_identification:_identify(src/yolo_ros/docs) by extension 'ros'
[1.658s] Level 1:colcon.colcon_core.package_identification:_identify(src/yolo_ros/docs) by extensions ['cmake', 'python']
[1.658s] Level 1:colcon.colcon_core.package_identification:_identify(src/yolo_ros/docs) by extension 'cmake'
[1.658s] Level 1:colcon.colcon_core.package_identification:_identify(src/yolo_ros/docs) by extension 'python'
[1.658s] Level 1:colcon.colcon_core.package_identification:_identify(src/yolo_ros/docs) by extensions ['python_setup_py']
[1.658s] Level 1:colcon.colcon_core.package_identification:_identify(src/yolo_ros/docs) by extension 'python_setup_py'
[1.658s] Level 1:colcon.colcon_core.package_identification:_identify(src/yolo_ros/yolo_bringup) by extensions ['ignore', 'ignore_ament_install']
[1.658s] Level 1:colcon.colcon_core.package_identification:_identify(src/yolo_ros/yolo_bringup) by extension 'ignore'
[1.658s] Level 1:colcon.colcon_core.package_identification:_identify(src/yolo_ros/yolo_bringup) by extension 'ignore_ament_install'
[1.658s] Level 1:colcon.colcon_core.package_identification:_identify(src/yolo_ros/yolo_bringup) by extensions ['colcon_pkg']
[1.658s] Level 1:colcon.colcon_core.package_identification:_identify(src/yolo_ros/yolo_bringup) by extension 'colcon_pkg'
[1.658s] Level 1:colcon.colcon_core.package_identification:_identify(src/yolo_ros/yolo_bringup) by extensions ['colcon_meta']
[1.658s] Level 1:colcon.colcon_core.package_identification:_identify(src/yolo_ros/yolo_bringup) by extension 'colcon_meta'
[1.658s] Level 1:colcon.colcon_core.package_identification:_identify(src/yolo_ros/yolo_bringup) by extensions ['ros']
[1.658s] Level 1:colcon.colcon_core.package_identification:_identify(src/yolo_ros/yolo_bringup) by extension 'ros'
[1.661s] DEBUG:colcon.colcon_core.package_identification:Package 'src/yolo_ros/yolo_bringup' with type 'ros.ament_cmake' and name 'yolo_bringup'
[1.661s] Level 1:colcon.colcon_core.package_identification:_identify(src/yolo_ros/yolo_msgs) by extensions ['ignore', 'ignore_ament_install']
[1.661s] Level 1:colcon.colcon_core.package_identification:_identify(src/yolo_ros/yolo_msgs) by extension 'ignore'
[1.661s] Level 1:colcon.colcon_core.package_identification:_identify(src/yolo_ros/yolo_msgs) by extension 'ignore_ament_install'
[1.661s] Level 1:colcon.colcon_core.package_identification:_identify(src/yolo_ros/yolo_msgs) by extensions ['colcon_pkg']
[1.661s] Level 1:colcon.colcon_core.package_identification:_identify(src/yolo_ros/yolo_msgs) by extension 'colcon_pkg'
[1.661s] Level 1:colcon.colcon_core.package_identification:_identify(src/yolo_ros/yolo_msgs) by extensions ['colcon_meta']
[1.662s] Level 1:colcon.colcon_core.package_identification:_identify(src/yolo_ros/yolo_msgs) by extension 'colcon_meta'
[1.662s] Level 1:colcon.colcon_core.package_identification:_identify(src/yolo_ros/yolo_msgs) by extensions ['ros']
[1.662s] Level 1:colcon.colcon_core.package_identification:_identify(src/yolo_ros/yolo_msgs) by extension 'ros'
[1.662s] DEBUG:colcon.colcon_core.package_identification:Package 'src/yolo_ros/yolo_msgs' with type 'ros.ament_cmake' and name 'yolo_msgs'
[1.662s] Level 1:colcon.colcon_core.package_identification:_identify(src/yolo_ros/yolo_ros) by extensions ['ignore', 'ignore_ament_install']
[1.663s] Level 1:colcon.colcon_core.package_identification:_identify(src/yolo_ros/yolo_ros) by extension 'ignore'
[1.663s] Level 1:colcon.colcon_core.package_identification:_identify(src/yolo_ros/yolo_ros) by extension 'ignore_ament_install'
[1.663s] Level 1:colcon.colcon_core.package_identification:_identify(src/yolo_ros/yolo_ros) by extensions ['colcon_pkg']
[1.663s] Level 1:colcon.colcon_core.package_identification:_identify(src/yolo_ros/yolo_ros) by extension 'colcon_pkg'
[1.663s] Level 1:colcon.colcon_core.package_identification:_identify(src/yolo_ros/yolo_ros) by extensions ['colcon_meta']
[1.663s] Level 1:colcon.colcon_core.package_identification:_identify(src/yolo_ros/yolo_ros) by extension 'colcon_meta'
[1.663s] Level 1:colcon.colcon_core.package_identification:_identify(src/yolo_ros/yolo_ros) by extensions ['ros']
[1.663s] Level 1:colcon.colcon_core.package_identification:_identify(src/yolo_ros/yolo_ros) by extension 'ros'
[1.664s] DEBUG:colcon.colcon_core.package_identification:Package 'src/yolo_ros/yolo_ros' with type 'ros.ament_python' and name 'yolo_ros'
[1.664s] Level 1:colcon.colcon_core.package_discovery:discover_packages(recursive) using defaults
[1.664s] Level 1:colcon.colcon_core.package_discovery:discover_packages(ignore) discover
[1.664s] Level 1:colcon.colcon_core.package_discovery:discover_packages(ignore) using defaults
[1.664s] Level 1:colcon.colcon_core.package_discovery:discover_packages(path) discover
[1.664s] Level 1:colcon.colcon_core.package_discovery:discover_packages(path) using defaults
[1.697s] Level 5:colcon.colcon_core.verb:set package 'yolo_msgs' build argument 'cmake_args' from command line to 'None'
[1.697s] Level 5:colcon.colcon_core.verb:set package 'yolo_msgs' build argument 'cmake_target' from command line to 'None'
[1.697s] Level 5:colcon.colcon_core.verb:set package 'yolo_msgs' build argument 'cmake_target_skip_unavailable' from command line to 'False'
[1.697s] Level 5:colcon.colcon_core.verb:set package 'yolo_msgs' build argument 'cmake_clean_cache' from command line to 'False'
[1.697s] Level 5:colcon.colcon_core.verb:set package 'yolo_msgs' build argument 'cmake_clean_first' from command line to 'False'
[1.697s] Level 5:colcon.colcon_core.verb:set package 'yolo_msgs' build argument 'cmake_force_configure' from command line to 'False'
[1.697s] Level 5:colcon.colcon_core.verb:set package 'yolo_msgs' build argument 'ament_cmake_args' from command line to 'None'
[1.697s] Level 5:colcon.colcon_core.verb:set package 'yolo_msgs' build argument 'catkin_cmake_args' from command line to 'None'
[1.697s] Level 5:colcon.colcon_core.verb:set package 'yolo_msgs' build argument 'catkin_skip_building_tests' from command line to 'False'
[1.697s] DEBUG:colcon.colcon_core.verb:Building package 'yolo_msgs' with the following arguments: {'ament_cmake_args': None, 'build_base': '/home/user/ros2_ws/build/yolo_msgs', 'catkin_cmake_args': None, 'catkin_skip_building_tests': False, 'cmake_args': None, 'cmake_clean_cache': False, 'cmake_clean_first': False, 'cmake_force_configure': False, 'cmake_target': None, 'cmake_target_skip_unavailable': False, 'install_base': '/home/user/ros2_ws/install/yolo_msgs', 'merge_install': False, 'path': '/home/user/ros2_ws/src/yolo_ros/yolo_msgs', 'symlink_install': False, 'test_result_base': None}
[1.697s] Level 5:colcon.colcon_core.verb:set package 'yolo_ros' build argument 'cmake_args' from command line to 'None'
[1.697s] Level 5:colcon.colcon_core.verb:set package 'yolo_ros' build argument 'cmake_target' from command line to 'None'
[1.697s] Level 5:colcon.colcon_core.verb:set package 'yolo_ros' build argument 'cmake_target_skip_unavailable' from command line to 'False'
[1.698s] Level 5:colcon.colcon_core.verb:set package 'yolo_ros' build argument 'cmake_clean_cache' from command line to 'False'
[1.698s] Level 5:colcon.colcon_core.verb:set package 'yolo_ros' build argument 'cmake_clean_first' from command line to 'False'
[1.698s] Level 5:colcon.colcon_core.verb:set package 'yolo_ros' build argument 'cmake_force_configure' from command line to 'False'
[1.698s] Level 5:colcon.colcon_core.verb:set package 'yolo_ros' build argument 'ament_cmake_args' from command line to 'None'
[1.698s] Level 5:colcon.colcon_core.verb:set package 'yolo_ros' build argument 'catkin_cmake_args' from command line to 'None'
[1.698s] Level 5:colcon.colcon_core.verb:set package 'yolo_ros' build argument 'catkin_skip_building_tests' from command line to 'False'
[1.698s] DEBUG:colcon.colcon_core.verb:Building package 'yolo_ros' with the following arguments: {'ament_cmake_args': None, 'build_base': '/home/user/ros2_ws/build/yolo_ros', 'catkin_cmake_args': None, 'catkin_skip_building_tests': False, 'cmake_args': None, 'cmake_clean_cache': False, 'cmake_clean_first': False, 'cmake_force_configure': False, 'cmake_target': None, 'cmake_target_skip_unavailable': False, 'install_base': '/home/user/ros2_ws/install/yolo_ros', 'merge_install': False, 'path': '/home/user/ros2_ws/src/yolo_ros/yolo_ros', 'symlink_install': False, 'test_result_base': None}
[1.698s] Level 5:colcon.colcon_core.verb:set package 'yolo_bringup' build argument 'cmake_args' from command line to 'None'
[1.698s] Level 5:colcon.colcon_core.verb:set package 'yolo_bringup' build argument 'cmake_target' from command line to 'None'
[1.698s] Level 5:colcon.colcon_core.verb:set package 'yolo_bringup' build argument 'cmake_target_skip_unavailable' from command line to 'False'
[1.698s] Level 5:colcon.colcon_core.verb:set package 'yolo_bringup' build argument 'cmake_clean_cache' from command line to 'False'
[1.698s] Level 5:colcon.colcon_core.verb:set package 'yolo_bringup' build argument 'cmake_clean_first' from command line to 'False'
[1.698s] Level 5:colcon.colcon_core.verb:set package 'yolo_bringup' build argument 'cmake_force_configure' from command line to 'False'
[1.698s] Level 5:colcon.colcon_core.verb:set package 'yolo_bringup' build argument 'ament_cmake_args' from command line to 'None'
[1.698s] Level 5:colcon.colcon_core.verb:set package 'yolo_bringup' build argument 'catkin_cmake_args' from command line to 'None'
[1.699s] Level 5:colcon.colcon_core.verb:set package 'yolo_bringup' build argument 'catkin_skip_building_tests' from command line to 'False'
[1.699s] DEBUG:colcon.colcon_core.verb:Building package 'yolo_bringup' with the following arguments: {'ament_cmake_args': None, 'build_base': '/home/user/ros2_ws/build/yolo_bringup', 'catkin_cmake_args': None, 'catkin_skip_building_tests': False, 'cmake_args': None, 'cmake_clean_cache': False, 'cmake_clean_first': False, 'cmake_force_configure': False, 'cmake_target': None, 'cmake_target_skip_unavailable': False, 'install_base': '/home/user/ros2_ws/install/yolo_bringup', 'merge_install': False, 'path': '/home/user/ros2_ws/src/yolo_ros/yolo_bringup', 'symlink_install': False, 'test_result_base': None}
[1.699s] INFO:colcon.colcon_core.executor:Executing jobs using 'parallel' executor
[1.700s] DEBUG:colcon.colcon_parallel_executor.executor.parallel:run_until_complete
[1.700s] INFO:colcon.colcon_ros.task.ament_cmake.build:Building ROS package in '/home/user/ros2_ws/src/yolo_ros/yolo_msgs' with build type 'ament_cmake'
[1.700s] INFO:colcon.colcon_cmake.task.cmake.build:Building CMake package in '/home/user/ros2_ws/src/yolo_ros/yolo_msgs'
[1.715s] INFO:colcon.colcon_core.plugin_system:Skipping extension 'colcon_core.shell.bat': Not used on non-Windows systems
[1.716s] INFO:colcon.colcon_core.shell:Skip shell extension 'powershell' for command environment: Not usable outside of PowerShell
[1.716s] DEBUG:colcon.colcon_core.shell:Skip shell extension 'dsv' for command environment
[1.720s] WARNING:colcon.colcon_ros.prefix_path.ament:The path '/home/user/ros2_ws/install/deepmind_bot_trajectory_sender' in the environment variable AMENT_PREFIX_PATH doesn't exist
[1.720s] WARNING:colcon.colcon_ros.prefix_path.ament:The path '/home/user/ros2_ws/install/deepmind_bot_navigation' in the environment variable AMENT_PREFIX_PATH doesn't exist
[1.721s] WARNING:colcon.colcon_ros.prefix_path.ament:The path '/home/user/ros2_ws/install/deepmind_bot_gazebo' in the environment variable AMENT_PREFIX_PATH doesn't exist
[1.721s] WARNING:colcon.colcon_ros.prefix_path.ament:The path '/home/user/ros2_ws/install/deepmind_bot_description' in the environment variable AMENT_PREFIX_PATH doesn't exist
[1.721s] WARNING:colcon.colcon_ros.prefix_path.ament:The path '/home/user/ros2_ws/install/custom_msgs' in the environment variable AMENT_PREFIX_PATH doesn't exist
[1.721s] WARNING:colcon.colcon_ros.prefix_path.ament:The path '/home/user/ros2_ws/install/advanced_perception' in the environment variable AMENT_PREFIX_PATH doesn't exist
[1.721s] WARNING:colcon.colcon_ros.prefix_path.catkin:The path '/home/user/ros2_ws/install/deepmind_bot_trajectory_sender' in the environment variable CMAKE_PREFIX_PATH doesn't exist
[1.721s] WARNING:colcon.colcon_ros.prefix_path.catkin:The path '/home/user/ros2_ws/install/deepmind_bot_navigation' in the environment variable CMAKE_PREFIX_PATH doesn't exist
[1.721s] WARNING:colcon.colcon_ros.prefix_path.catkin:The path '/home/user/ros2_ws/install/deepmind_bot_gazebo' in the environment variable CMAKE_PREFIX_PATH doesn't exist
[1.721s] WARNING:colcon.colcon_ros.prefix_path.catkin:The path '/home/user/ros2_ws/install/deepmind_bot_description' in the environment variable CMAKE_PREFIX_PATH doesn't exist
[1.721s] WARNING:colcon.colcon_ros.prefix_path.catkin:The path '/home/user/ros2_ws/install/custom_msgs' in the environment variable CMAKE_PREFIX_PATH doesn't exist
[1.740s] DEBUG:colcon.colcon_core.event_handler.log_command:Invoking command in '/home/user/ros2_ws/build/yolo_msgs': CMAKE_PREFIX_PATH=${CMAKE_PREFIX_PATH}:/home/user/ros2_ws/install/advanced_perception:/opt/ros/humble _=/usr/bin/env /usr/bin/cmake /home/user/ros2_ws/src/yolo_ros/yolo_msgs -DCMAKE_INSTALL_PREFIX=/home/user/ros2_ws/install/yolo_msgs
[16.916s] DEBUG:colcon.colcon_core.event_handler.log_command:Invoked command in '/home/user/ros2_ws/build/yolo_msgs' returned '0': CMAKE_PREFIX_PATH=${CMAKE_PREFIX_PATH}:/home/user/ros2_ws/install/advanced_perception:/opt/ros/humble _=/usr/bin/env /usr/bin/cmake /home/user/ros2_ws/src/yolo_ros/yolo_msgs -DCMAKE_INSTALL_PREFIX=/home/user/ros2_ws/install/yolo_msgs
[16.919s] DEBUG:colcon.colcon_core.event_handler.log_command:Invoking command in '/home/user/ros2_ws/build/yolo_msgs': CMAKE_PREFIX_PATH=${CMAKE_PREFIX_PATH}:/home/user/ros2_ws/install/advanced_perception:/opt/ros/humble _=/usr/bin/env /usr/bin/cmake --build /home/user/ros2_ws/build/yolo_msgs -- -j8 -l8
[49.971s] DEBUG:colcon.colcon_core.event_handler.log_command:Invoked command in '/home/user/ros2_ws/build/yolo_msgs' returned '0': CMAKE_PREFIX_PATH=${CMAKE_PREFIX_PATH}:/home/user/ros2_ws/install/advanced_perception:/opt/ros/humble _=/usr/bin/env /usr/bin/cmake --build /home/user/ros2_ws/build/yolo_msgs -- -j8 -l8
[49.982s] DEBUG:colcon.colcon_core.event_handler.log_command:Invoking command in '/home/user/ros2_ws/build/yolo_msgs': CMAKE_PREFIX_PATH=${CMAKE_PREFIX_PATH}:/home/user/ros2_ws/install/advanced_perception:/opt/ros/humble _=/usr/bin/env /usr/bin/cmake --install /home/user/ros2_ws/build/yolo_msgs
[50.129s] Level 1:colcon.colcon_core.environment:create_environment_scripts_only(yolo_msgs)
[50.132s] DEBUG:colcon.colcon_core.event_handler.log_command:Invoked command in '/home/user/ros2_ws/build/yolo_msgs' returned '0': CMAKE_PREFIX_PATH=${CMAKE_PREFIX_PATH}:/home/user/ros2_ws/install/advanced_perception:/opt/ros/humble _=/usr/bin/env /usr/bin/cmake --install /home/user/ros2_ws/build/yolo_msgs
[50.143s] Level 1:colcon.colcon_core.environment:checking '/home/user/ros2_ws/install/yolo_msgs' for CMake module files
[50.144s] Level 1:colcon.colcon_core.environment:checking '/home/user/ros2_ws/install/yolo_msgs' for CMake config files
[50.145s] Level 1:colcon.colcon_core.shell:create_environment_hook('yolo_msgs', 'cmake_prefix_path')
[50.145s] INFO:colcon.colcon_core.shell:Creating environment hook '/home/user/ros2_ws/install/yolo_msgs/share/yolo_msgs/hook/cmake_prefix_path.ps1'
[50.147s] INFO:colcon.colcon_core.shell:Creating environment descriptor '/home/user/ros2_ws/install/yolo_msgs/share/yolo_msgs/hook/cmake_prefix_path.dsv'
[50.148s] INFO:colcon.colcon_core.shell:Creating environment hook '/home/user/ros2_ws/install/yolo_msgs/share/yolo_msgs/hook/cmake_prefix_path.sh'
[50.149s] Level 1:colcon.colcon_core.environment:checking '/home/user/ros2_ws/install/yolo_msgs/lib'
[50.149s] Level 1:colcon.colcon_core.shell:create_environment_hook('yolo_msgs', 'ld_library_path_lib')
[50.150s] INFO:colcon.colcon_core.shell:Creating environment hook '/home/user/ros2_ws/install/yolo_msgs/share/yolo_msgs/hook/ld_library_path_lib.ps1'
[50.150s] INFO:colcon.colcon_core.shell:Creating environment descriptor '/home/user/ros2_ws/install/yolo_msgs/share/yolo_msgs/hook/ld_library_path_lib.dsv'
[50.150s] INFO:colcon.colcon_core.shell:Creating environment hook '/home/user/ros2_ws/install/yolo_msgs/share/yolo_msgs/hook/ld_library_path_lib.sh'
[50.151s] Level 1:colcon.colcon_core.environment:checking '/home/user/ros2_ws/install/yolo_msgs/bin'
[50.151s] Level 1:colcon.colcon_core.environment:checking '/home/user/ros2_ws/install/yolo_msgs/lib/pkgconfig/yolo_msgs.pc'
[50.152s] Level 1:colcon.colcon_core.environment:checking '/home/user/ros2_ws/install/yolo_msgs/lib/python3.10/site-packages'
[50.153s] Level 1:colcon.colcon_core.environment:checking '/home/user/ros2_ws/install/yolo_msgs/bin'
[50.153s] INFO:colcon.colcon_core.shell:Creating package script '/home/user/ros2_ws/install/yolo_msgs/share/yolo_msgs/package.ps1'
[50.154s] INFO:colcon.colcon_core.shell:Creating package descriptor '/home/user/ros2_ws/install/yolo_msgs/share/yolo_msgs/package.dsv'
[50.155s] INFO:colcon.colcon_core.shell:Creating package script '/home/user/ros2_ws/install/yolo_msgs/share/yolo_msgs/package.sh'
[50.156s] INFO:colcon.colcon_core.shell:Creating package script '/home/user/ros2_ws/install/yolo_msgs/share/yolo_msgs/package.bash'
[50.158s] INFO:colcon.colcon_core.shell:Creating package script '/home/user/ros2_ws/install/yolo_msgs/share/yolo_msgs/package.zsh'
[50.160s] Level 1:colcon.colcon_core.environment:create_file_with_runtime_dependencies(/home/user/ros2_ws/install/yolo_msgs/share/colcon-core/packages/yolo_msgs)
[50.161s] Level 1:colcon.colcon_core.environment:create_environment_scripts_only(yolo_msgs)
[50.161s] Level 1:colcon.colcon_core.environment:checking '/home/user/ros2_ws/install/yolo_msgs' for CMake module files
[50.162s] Level 1:colcon.colcon_core.environment:checking '/home/user/ros2_ws/install/yolo_msgs' for CMake config files
[50.163s] Level 1:colcon.colcon_core.shell:create_environment_hook('yolo_msgs', 'cmake_prefix_path')
[50.163s] INFO:colcon.colcon_core.shell:Creating environment hook '/home/user/ros2_ws/install/yolo_msgs/share/yolo_msgs/hook/cmake_prefix_path.ps1'
[50.163s] INFO:colcon.colcon_core.shell:Creating environment descriptor '/home/user/ros2_ws/install/yolo_msgs/share/yolo_msgs/hook/cmake_prefix_path.dsv'
[50.164s] INFO:colcon.colcon_core.shell:Creating environment hook '/home/user/ros2_ws/install/yolo_msgs/share/yolo_msgs/hook/cmake_prefix_path.sh'
[50.164s] Level 1:colcon.colcon_core.environment:checking '/home/user/ros2_ws/install/yolo_msgs/lib'
[50.164s] Level 1:colcon.colcon_core.shell:create_environment_hook('yolo_msgs', 'ld_library_path_lib')
[50.164s] INFO:colcon.colcon_core.shell:Creating environment hook '/home/user/ros2_ws/install/yolo_msgs/share/yolo_msgs/hook/ld_library_path_lib.ps1'
[50.165s] INFO:colcon.colcon_core.shell:Creating environment descriptor '/home/user/ros2_ws/install/yolo_msgs/share/yolo_msgs/hook/ld_library_path_lib.dsv'
[50.165s] INFO:colcon.colcon_core.shell:Creating environment hook '/home/user/ros2_ws/install/yolo_msgs/share/yolo_msgs/hook/ld_library_path_lib.sh'
[50.166s] Level 1:colcon.colcon_core.environment:checking '/home/user/ros2_ws/install/yolo_msgs/bin'
[50.166s] Level 1:colcon.colcon_core.environment:checking '/home/user/ros2_ws/install/yolo_msgs/lib/pkgconfig/yolo_msgs.pc'
[50.166s] Level 1:colcon.colcon_core.environment:checking '/home/user/ros2_ws/install/yolo_msgs/lib/python3.10/site-packages'
[50.166s] Level 1:colcon.colcon_core.environment:checking '/home/user/ros2_ws/install/yolo_msgs/bin'
[50.167s] INFO:colcon.colcon_core.shell:Creating package script '/home/user/ros2_ws/install/yolo_msgs/share/yolo_msgs/package.ps1'
[50.167s] INFO:colcon.colcon_core.shell:Creating package descriptor '/home/user/ros2_ws/install/yolo_msgs/share/yolo_msgs/package.dsv'
[50.168s] INFO:colcon.colcon_core.shell:Creating package script '/home/user/ros2_ws/install/yolo_msgs/share/yolo_msgs/package.sh'
[50.168s] INFO:colcon.colcon_core.shell:Creating package script '/home/user/ros2_ws/install/yolo_msgs/share/yolo_msgs/package.bash'
[50.169s] INFO:colcon.colcon_core.shell:Creating package script '/home/user/ros2_ws/install/yolo_msgs/share/yolo_msgs/package.zsh'
[50.169s] Level 1:colcon.colcon_core.environment:create_file_with_runtime_dependencies(/home/user/ros2_ws/install/yolo_msgs/share/colcon-core/packages/yolo_msgs)
[50.170s] INFO:colcon.colcon_ros.task.ament_python.build:Building ROS package in '/home/user/ros2_ws/src/yolo_ros/yolo_ros' with build type 'ament_python'
[50.170s] Level 1:colcon.colcon_core.shell:create_environment_hook('yolo_ros', 'ament_prefix_path')
[50.170s] INFO:colcon.colcon_core.shell:Creating environment hook '/home/user/ros2_ws/install/yolo_ros/share/yolo_ros/hook/ament_prefix_path.ps1'
[50.172s] INFO:colcon.colcon_core.shell:Creating environment descriptor '/home/user/ros2_ws/install/yolo_ros/share/yolo_ros/hook/ament_prefix_path.dsv'
[50.172s] INFO:colcon.colcon_core.shell:Creating environment hook '/home/user/ros2_ws/install/yolo_ros/share/yolo_ros/hook/ament_prefix_path.sh'
[50.172s] INFO:colcon.colcon_core.shell:Skip shell extension 'powershell' for command environment: Not usable outside of PowerShell
[50.172s] DEBUG:colcon.colcon_core.shell:Skip shell extension 'dsv' for command environment
[50.473s] INFO:colcon.colcon_core.task.python.build:Building Python package in '/home/user/ros2_ws/src/yolo_ros/yolo_ros'
[50.473s] INFO:colcon.colcon_core.shell:Skip shell extension 'powershell' for command environment: Not usable outside of PowerShell
[50.473s] DEBUG:colcon.colcon_core.shell:Skip shell extension 'dsv' for command environment
[52.971s] DEBUG:colcon.colcon_core.event_handler.log_command:Invoking command in '/home/user/ros2_ws/src/yolo_ros/yolo_ros': AMENT_PREFIX_PATH=/home/user/ros2_ws/install/yolo_msgs:${AMENT_PREFIX_PATH} CMAKE_PREFIX_PATH=/home/user/ros2_ws/install/yolo_msgs:${CMAKE_PREFIX_PATH} LD_LIBRARY_PATH=/home/user/ros2_ws/install/yolo_msgs/lib:/usr/local/cuda-10.2/lib64:/home/user/.catkin_ws_python3/src/TensorRT-7.0.0.11/lib:/home/user/ros2_ws/install/custom_msgs/lib:/opt/ros/humble/opt/rviz_ogre_vendor/lib:/opt/ros/humble/lib/x86_64-linux-gnu:/opt/ros/humble/lib:/usr/local/cuda-10.2/lib64:/home/user/.catkin_ws_python3/src/TensorRT-7.0.0.11/lib:/usr/lib/x86_64-linux-gnu/gazebo-11/plugins:/usr/lib/x86_64-linux-gnu/gazebo-11/plugins:/usr/lib/x86_64-linux-gnu/gazebo-11/plugins PYTHONPATH=/home/user/ros2_ws/build/yolo_ros/prefix_override:/usr/lib/python3/dist-packages/colcon_core/task/python/colcon_distutils_commands:/home/user/ros2_ws/install/yolo_ros/lib/python3.10/site-packages:/home/user/ros2_ws/install/yolo_msgs/local/lib/python3.10/dist-packages:${PYTHONPATH} _=/usr/bin/env /usr/bin/python3 -W ignore:setup.py install is deprecated -W ignore:easy_install command is deprecated setup.py egg_info --egg-base ../../../build/yolo_ros build --build-base /home/user/ros2_ws/build/yolo_ros/build install --record /home/user/ros2_ws/build/yolo_ros/install.log --single-version-externally-managed install_data
[53.578s] Level 1:colcon.colcon_core.environment:checking '/home/user/ros2_ws/install/yolo_ros' for CMake module files
[53.579s] DEBUG:colcon.colcon_core.event_handler.log_command:Invoked command in '/home/user/ros2_ws/src/yolo_ros/yolo_ros' returned '0': AMENT_PREFIX_PATH=/home/user/ros2_ws/install/yolo_msgs:${AMENT_PREFIX_PATH} CMAKE_PREFIX_PATH=/home/user/ros2_ws/install/yolo_msgs:${CMAKE_PREFIX_PATH} LD_LIBRARY_PATH=/home/user/ros2_ws/install/yolo_msgs/lib:/usr/local/cuda-10.2/lib64:/home/user/.catkin_ws_python3/src/TensorRT-7.0.0.11/lib:/home/user/ros2_ws/install/custom_msgs/lib:/opt/ros/humble/opt/rviz_ogre_vendor/lib:/opt/ros/humble/lib/x86_64-linux-gnu:/opt/ros/humble/lib:/usr/local/cuda-10.2/lib64:/home/user/.catkin_ws_python3/src/TensorRT-7.0.0.11/lib:/usr/lib/x86_64-linux-gnu/gazebo-11/plugins:/usr/lib/x86_64-linux-gnu/gazebo-11/plugins:/usr/lib/x86_64-linux-gnu/gazebo-11/plugins PYTHONPATH=/home/user/ros2_ws/build/yolo_ros/prefix_override:/usr/lib/python3/dist-packages/colcon_core/task/python/colcon_distutils_commands:/home/user/ros2_ws/install/yolo_ros/lib/python3.10/site-packages:/home/user/ros2_ws/install/yolo_msgs/local/lib/python3.10/dist-packages:${PYTHONPATH} _=/usr/bin/env /usr/bin/python3 -W ignore:setup.py install is deprecated -W ignore:easy_install command is deprecated setup.py egg_info --egg-base ../../../build/yolo_ros build --build-base /home/user/ros2_ws/build/yolo_ros/build install --record /home/user/ros2_ws/build/yolo_ros/install.log --single-version-externally-managed install_data
[53.579s] Level 1:colcon.colcon_core.environment:checking '/home/user/ros2_ws/install/yolo_ros' for CMake config files
[53.580s] Level 1:colcon.colcon_core.environment:checking '/home/user/ros2_ws/install/yolo_ros/lib'
[53.580s] Level 1:colcon.colcon_core.environment:checking '/home/user/ros2_ws/install/yolo_ros/bin'
[53.580s] Level 1:colcon.colcon_core.environment:checking '/home/user/ros2_ws/install/yolo_ros/lib/pkgconfig/yolo_ros.pc'
[53.580s] Level 1:colcon.colcon_core.environment:checking '/home/user/ros2_ws/install/yolo_ros/lib/python3.10/site-packages'
[53.580s] Level 1:colcon.colcon_core.shell:create_environment_hook('yolo_ros', 'pythonpath')
[53.581s] INFO:colcon.colcon_core.shell:Creating environment hook '/home/user/ros2_ws/install/yolo_ros/share/yolo_ros/hook/pythonpath.ps1'
[53.581s] INFO:colcon.colcon_core.shell:Creating environment descriptor '/home/user/ros2_ws/install/yolo_ros/share/yolo_ros/hook/pythonpath.dsv'
[53.581s] INFO:colcon.colcon_core.shell:Creating environment hook '/home/user/ros2_ws/install/yolo_ros/share/yolo_ros/hook/pythonpath.sh'
[53.582s] Level 1:colcon.colcon_core.environment:checking '/home/user/ros2_ws/install/yolo_ros/bin'
[53.582s] Level 1:colcon.colcon_core.environment:create_environment_scripts_only(yolo_ros)
[53.582s] INFO:colcon.colcon_core.shell:Creating package script '/home/user/ros2_ws/install/yolo_ros/share/yolo_ros/package.ps1'
[53.583s] INFO:colcon.colcon_core.shell:Creating package descriptor '/home/user/ros2_ws/install/yolo_ros/share/yolo_ros/package.dsv'
[53.583s] INFO:colcon.colcon_core.shell:Creating package script '/home/user/ros2_ws/install/yolo_ros/share/yolo_ros/package.sh'
[53.584s] INFO:colcon.colcon_core.shell:Creating package script '/home/user/ros2_ws/install/yolo_ros/share/yolo_ros/package.bash'
[53.584s] INFO:colcon.colcon_core.shell:Creating package script '/home/user/ros2_ws/install/yolo_ros/share/yolo_ros/package.zsh'
[53.585s] Level 1:colcon.colcon_core.environment:create_file_with_runtime_dependencies(/home/user/ros2_ws/install/yolo_ros/share/colcon-core/packages/yolo_ros)
[53.585s] INFO:colcon.colcon_ros.task.ament_cmake.build:Building ROS package in '/home/user/ros2_ws/src/yolo_ros/yolo_bringup' with build type 'ament_cmake'
[53.585s] INFO:colcon.colcon_cmake.task.cmake.build:Building CMake package in '/home/user/ros2_ws/src/yolo_ros/yolo_bringup'
[53.586s] INFO:colcon.colcon_core.shell:Skip shell extension 'powershell' for command environment: Not usable outside of PowerShell
[53.586s] DEBUG:colcon.colcon_core.shell:Skip shell extension 'dsv' for command environment
[53.610s] DEBUG:colcon.colcon_core.event_handler.log_command:Invoking command in '/home/user/ros2_ws/build/yolo_bringup': AMENT_PREFIX_PATH=/home/user/ros2_ws/install/yolo_ros:/home/user/ros2_ws/install/yolo_msgs:${AMENT_PREFIX_PATH} CMAKE_PREFIX_PATH=/home/user/ros2_ws/install/yolo_msgs:/home/user/ros2_ws/install/deepmind_bot_trajectory_sender:/home/user/ros2_ws/install/deepmind_bot_navigation:/home/user/ros2_ws/install/deepmind_bot_gazebo:/home/user/ros2_ws/install/deepmind_bot_description:/home/user/ros2_ws/install/custom_msgs:/home/user/ros2_ws/install/advanced_perception:/opt/ros/humble LD_LIBRARY_PATH=/home/user/ros2_ws/install/yolo_msgs/lib:/usr/local/cuda-10.2/lib64:/home/user/.catkin_ws_python3/src/TensorRT-7.0.0.11/lib:/home/user/ros2_ws/install/custom_msgs/lib:/opt/ros/humble/opt/rviz_ogre_vendor/lib:/opt/ros/humble/lib/x86_64-linux-gnu:/opt/ros/humble/lib:/usr/local/cuda-10.2/lib64:/home/user/.catkin_ws_python3/src/TensorRT-7.0.0.11/lib:/usr/lib/x86_64-linux-gnu/gazebo-11/plugins:/usr/lib/x86_64-linux-gnu/gazebo-11/plugins:/usr/lib/x86_64-linux-gnu/gazebo-11/plugins PYTHONPATH=/home/user/ros2_ws/install/yolo_ros/lib/python3.10/site-packages:/home/user/ros2_ws/install/yolo_msgs/local/lib/python3.10/dist-packages:${PYTHONPATH} _=/usr/bin/env /usr/bin/cmake /home/user/ros2_ws/src/yolo_ros/yolo_bringup -DCMAKE_INSTALL_PREFIX=/home/user/ros2_ws/install/yolo_bringup
[54.687s] DEBUG:colcon.colcon_core.event_handler.log_command:Invoked command in '/home/user/ros2_ws/build/yolo_bringup' returned '0': AMENT_PREFIX_PATH=/home/user/ros2_ws/install/yolo_ros:/home/user/ros2_ws/install/yolo_msgs:${AMENT_PREFIX_PATH} CMAKE_PREFIX_PATH=/home/user/ros2_ws/install/yolo_msgs:/home/user/ros2_ws/install/deepmind_bot_trajectory_sender:/home/user/ros2_ws/install/deepmind_bot_navigation:/home/user/ros2_ws/install/deepmind_bot_gazebo:/home/user/ros2_ws/install/deepmind_bot_description:/home/user/ros2_ws/install/custom_msgs:/home/user/ros2_ws/install/advanced_perception:/opt/ros/humble LD_LIBRARY_PATH=/home/user/ros2_ws/install/yolo_msgs/lib:/usr/local/cuda-10.2/lib64:/home/user/.catkin_ws_python3/src/TensorRT-7.0.0.11/lib:/home/user/ros2_ws/install/custom_msgs/lib:/opt/ros/humble/opt/rviz_ogre_vendor/lib:/opt/ros/humble/lib/x86_64-linux-gnu:/opt/ros/humble/lib:/usr/local/cuda-10.2/lib64:/home/user/.catkin_ws_python3/src/TensorRT-7.0.0.11/lib:/usr/lib/x86_64-linux-gnu/gazebo-11/plugins:/usr/lib/x86_64-linux-gnu/gazebo-11/plugins:/usr/lib/x86_64-linux-gnu/gazebo-11/plugins PYTHONPATH=/home/user/ros2_ws/install/yolo_ros/lib/python3.10/site-packages:/home/user/ros2_ws/install/yolo_msgs/local/lib/python3.10/dist-packages:${PYTHONPATH} _=/usr/bin/env /usr/bin/cmake /home/user/ros2_ws/src/yolo_ros/yolo_bringup -DCMAKE_INSTALL_PREFIX=/home/user/ros2_ws/install/yolo_bringup
[54.689s] DEBUG:colcon.colcon_core.event_handler.log_command:Invoking command in '/home/user/ros2_ws/build/yolo_bringup': AMENT_PREFIX_PATH=/home/user/ros2_ws/install/yolo_ros:/home/user/ros2_ws/install/yolo_msgs:${AMENT_PREFIX_PATH} CMAKE_PREFIX_PATH=/home/user/ros2_ws/install/yolo_msgs:/home/user/ros2_ws/install/deepmind_bot_trajectory_sender:/home/user/ros2_ws/install/deepmind_bot_navigation:/home/user/ros2_ws/install/deepmind_bot_gazebo:/home/user/ros2_ws/install/deepmind_bot_description:/home/user/ros2_ws/install/custom_msgs:/home/user/ros2_ws/install/advanced_perception:/opt/ros/humble LD_LIBRARY_PATH=/home/user/ros2_ws/install/yolo_msgs/lib:/usr/local/cuda-10.2/lib64:/home/user/.catkin_ws_python3/src/TensorRT-7.0.0.11/lib:/home/user/ros2_ws/install/custom_msgs/lib:/opt/ros/humble/opt/rviz_ogre_vendor/lib:/opt/ros/humble/lib/x86_64-linux-gnu:/opt/ros/humble/lib:/usr/local/cuda-10.2/lib64:/home/user/.catkin_ws_python3/src/TensorRT-7.0.0.11/lib:/usr/lib/x86_64-linux-gnu/gazebo-11/plugins:/usr/lib/x86_64-linux-gnu/gazebo-11/plugins:/usr/lib/x86_64-linux-gnu/gazebo-11/plugins PYTHONPATH=/home/user/ros2_ws/install/yolo_ros/lib/python3.10/site-packages:/home/user/ros2_ws/install/yolo_msgs/local/lib/python3.10/dist-packages:${PYTHONPATH} _=/usr/bin/env /usr/bin/cmake --build /home/user/ros2_ws/build/yolo_bringup -- -j8 -l8
[54.743s] DEBUG:colcon.colcon_core.event_handler.log_command:Invoked command in '/home/user/ros2_ws/build/yolo_bringup' returned '0': AMENT_PREFIX_PATH=/home/user/ros2_ws/install/yolo_ros:/home/user/ros2_ws/install/yolo_msgs:${AMENT_PREFIX_PATH} CMAKE_PREFIX_PATH=/home/user/ros2_ws/install/yolo_msgs:/home/user/ros2_ws/install/deepmind_bot_trajectory_sender:/home/user/ros2_ws/install/deepmind_bot_navigation:/home/user/ros2_ws/install/deepmind_bot_gazebo:/home/user/ros2_ws/install/deepmind_bot_description:/home/user/ros2_ws/install/custom_msgs:/home/user/ros2_ws/install/advanced_perception:/opt/ros/humble LD_LIBRARY_PATH=/home/user/ros2_ws/install/yolo_msgs/lib:/usr/local/cuda-10.2/lib64:/home/user/.catkin_ws_python3/src/TensorRT-7.0.0.11/lib:/home/user/ros2_ws/install/custom_msgs/lib:/opt/ros/humble/opt/rviz_ogre_vendor/lib:/opt/ros/humble/lib/x86_64-linux-gnu:/opt/ros/humble/lib:/usr/local/cuda-10.2/lib64:/home/user/.catkin_ws_python3/src/TensorRT-7.0.0.11/lib:/usr/lib/x86_64-linux-gnu/gazebo-11/plugins:/usr/lib/x86_64-linux-gnu/gazebo-11/plugins:/usr/lib/x86_64-linux-gnu/gazebo-11/plugins PYTHONPATH=/home/user/ros2_ws/install/yolo_ros/lib/python3.10/site-packages:/home/user/ros2_ws/install/yolo_msgs/local/lib/python3.10/dist-packages:${PYTHONPATH} _=/usr/bin/env /usr/bin/cmake --build /home/user/ros2_ws/build/yolo_bringup -- -j8 -l8
[54.745s] DEBUG:colcon.colcon_core.event_handler.log_command:Invoking command in '/home/user/ros2_ws/build/yolo_bringup': AMENT_PREFIX_PATH=/home/user/ros2_ws/install/yolo_ros:/home/user/ros2_ws/install/yolo_msgs:${AMENT_PREFIX_PATH} CMAKE_PREFIX_PATH=/home/user/ros2_ws/install/yolo_msgs:/home/user/ros2_ws/install/deepmind_bot_trajectory_sender:/home/user/ros2_ws/install/deepmind_bot_navigation:/home/user/ros2_ws/install/deepmind_bot_gazebo:/home/user/ros2_ws/install/deepmind_bot_description:/home/user/ros2_ws/install/custom_msgs:/home/user/ros2_ws/install/advanced_perception:/opt/ros/humble LD_LIBRARY_PATH=/home/user/ros2_ws/install/yolo_msgs/lib:/usr/local/cuda-10.2/lib64:/home/user/.catkin_ws_python3/src/TensorRT-7.0.0.11/lib:/home/user/ros2_ws/install/custom_msgs/lib:/opt/ros/humble/opt/rviz_ogre_vendor/lib:/opt/ros/humble/lib/x86_64-linux-gnu:/opt/ros/humble/lib:/usr/local/cuda-10.2/lib64:/home/user/.catkin_ws_python3/src/TensorRT-7.0.0.11/lib:/usr/lib/x86_64-linux-gnu/gazebo-11/plugins:/usr/lib/x86_64-linux-gnu/gazebo-11/plugins:/usr/lib/x86_64-linux-gnu/gazebo-11/plugins PYTHONPATH=/home/user/ros2_ws/install/yolo_ros/lib/python3.10/site-packages:/home/user/ros2_ws/install/yolo_msgs/local/lib/python3.10/dist-packages:${PYTHONPATH} _=/usr/bin/env /usr/bin/cmake --install /home/user/ros2_ws/build/yolo_bringup
[54.756s] Level 1:colcon.colcon_core.environment:create_environment_scripts_only(yolo_bringup)
[54.757s] Level 1:colcon.colcon_core.environment:checking '/home/user/ros2_ws/install/yolo_bringup' for CMake module files
[54.757s] DEBUG:colcon.colcon_core.event_handler.log_command:Invoked command in '/home/user/ros2_ws/build/yolo_bringup' returned '0': AMENT_PREFIX_PATH=/home/user/ros2_ws/install/yolo_ros:/home/user/ros2_ws/install/yolo_msgs:${AMENT_PREFIX_PATH} CMAKE_PREFIX_PATH=/home/user/ros2_ws/install/yolo_msgs:/home/user/ros2_ws/install/deepmind_bot_trajectory_sender:/home/user/ros2_ws/install/deepmind_bot_navigation:/home/user/ros2_ws/install/deepmind_bot_gazebo:/home/user/ros2_ws/install/deepmind_bot_description:/home/user/ros2_ws/install/custom_msgs:/home/user/ros2_ws/install/advanced_perception:/opt/ros/humble LD_LIBRARY_PATH=/home/user/ros2_ws/install/yolo_msgs/lib:/usr/local/cuda-10.2/lib64:/home/user/.catkin_ws_python3/src/TensorRT-7.0.0.11/lib:/home/user/ros2_ws/install/custom_msgs/lib:/opt/ros/humble/opt/rviz_ogre_vendor/lib:/opt/ros/humble/lib/x86_64-linux-gnu:/opt/ros/humble/lib:/usr/local/cuda-10.2/lib64:/home/user/.catkin_ws_python3/src/TensorRT-7.0.0.11/lib:/usr/lib/x86_64-linux-gnu/gazebo-11/plugins:/usr/lib/x86_64-linux-gnu/gazebo-11/plugins:/usr/lib/x86_64-linux-gnu/gazebo-11/plugins PYTHONPATH=/home/user/ros2_ws/install/yolo_ros/lib/python3.10/site-packages:/home/user/ros2_ws/install/yolo_msgs/local/lib/python3.10/dist-packages:${PYTHONPATH} _=/usr/bin/env /usr/bin/cmake --install /home/user/ros2_ws/build/yolo_bringup
[54.758s] Level 1:colcon.colcon_core.environment:checking '/home/user/ros2_ws/install/yolo_bringup' for CMake config files
[54.758s] Level 1:colcon.colcon_core.shell:create_environment_hook('yolo_bringup', 'cmake_prefix_path')
[54.758s] INFO:colcon.colcon_core.shell:Creating environment hook '/home/user/ros2_ws/install/yolo_bringup/share/yolo_bringup/hook/cmake_prefix_path.ps1'
[54.759s] INFO:colcon.colcon_core.shell:Creating environment descriptor '/home/user/ros2_ws/install/yolo_bringup/share/yolo_bringup/hook/cmake_prefix_path.dsv'
[54.759s] INFO:colcon.colcon_core.shell:Creating environment hook '/home/user/ros2_ws/install/yolo_bringup/share/yolo_bringup/hook/cmake_prefix_path.sh'
[54.759s] Level 1:colcon.colcon_core.environment:checking '/home/user/ros2_ws/install/yolo_bringup/bin'
[54.760s] Level 1:colcon.colcon_core.environment:checking '/home/user/ros2_ws/install/yolo_bringup/lib/pkgconfig/yolo_bringup.pc'
[54.760s] Level 1:colcon.colcon_core.environment:checking '/home/user/ros2_ws/install/yolo_bringup/lib/python3.10/site-packages'
[54.760s] Level 1:colcon.colcon_core.environment:checking '/home/user/ros2_ws/install/yolo_bringup/bin'
[54.760s] INFO:colcon.colcon_core.shell:Creating package script '/home/user/ros2_ws/install/yolo_bringup/share/yolo_bringup/package.ps1'
[54.761s] INFO:colcon.colcon_core.shell:Creating package descriptor '/home/user/ros2_ws/install/yolo_bringup/share/yolo_bringup/package.dsv'
[54.761s] INFO:colcon.colcon_core.shell:Creating package script '/home/user/ros2_ws/install/yolo_bringup/share/yolo_bringup/package.sh'
[54.762s] INFO:colcon.colcon_core.shell:Creating package script '/home/user/ros2_ws/install/yolo_bringup/share/yolo_bringup/package.bash'
[54.762s] INFO:colcon.colcon_core.shell:Creating package script '/home/user/ros2_ws/install/yolo_bringup/share/yolo_bringup/package.zsh'
[54.762s] Level 1:colcon.colcon_core.environment:create_file_with_runtime_dependencies(/home/user/ros2_ws/install/yolo_bringup/share/colcon-core/packages/yolo_bringup)
[54.763s] Level 1:colcon.colcon_core.environment:create_environment_scripts_only(yolo_bringup)
[54.763s] Level 1:colcon.colcon_core.environment:checking '/home/user/ros2_ws/install/yolo_bringup' for CMake module files
[54.764s] Level 1:colcon.colcon_core.environment:checking '/home/user/ros2_ws/install/yolo_bringup' for CMake config files
[54.764s] Level 1:colcon.colcon_core.shell:create_environment_hook('yolo_bringup', 'cmake_prefix_path')
[54.764s] INFO:colcon.colcon_core.shell:Creating environment hook '/home/user/ros2_ws/install/yolo_bringup/share/yolo_bringup/hook/cmake_prefix_path.ps1'
[54.764s] INFO:colcon.colcon_core.shell:Creating environment descriptor '/home/user/ros2_ws/install/yolo_bringup/share/yolo_bringup/hook/cmake_prefix_path.dsv'
[54.765s] INFO:colcon.colcon_core.shell:Creating environment hook '/home/user/ros2_ws/install/yolo_bringup/share/yolo_bringup/hook/cmake_prefix_path.sh'
[54.765s] Level 1:colcon.colcon_core.environment:checking '/home/user/ros2_ws/install/yolo_bringup/bin'
[54.765s] Level 1:colcon.colcon_core.environment:checking '/home/user/ros2_ws/install/yolo_bringup/lib/pkgconfig/yolo_bringup.pc'
[54.765s] Level 1:colcon.colcon_core.environment:checking '/home/user/ros2_ws/install/yolo_bringup/lib/python3.10/site-packages'
[54.766s] Level 1:colcon.colcon_core.environment:checking '/home/user/ros2_ws/install/yolo_bringup/bin'
[54.767s] INFO:colcon.colcon_core.shell:Creating package script '/home/user/ros2_ws/install/yolo_bringup/share/yolo_bringup/package.ps1'
[54.767s] INFO:colcon.colcon_core.shell:Creating package descriptor '/home/user/ros2_ws/install/yolo_bringup/share/yolo_bringup/package.dsv'
[54.767s] INFO:colcon.colcon_core.shell:Creating package script '/home/user/ros2_ws/install/yolo_bringup/share/yolo_bringup/package.sh'
[54.768s] INFO:colcon.colcon_core.shell:Creating package script '/home/user/ros2_ws/install/yolo_bringup/share/yolo_bringup/package.bash'
[54.768s] INFO:colcon.colcon_core.shell:Creating package script '/home/user/ros2_ws/install/yolo_bringup/share/yolo_bringup/package.zsh'
[54.769s] Level 1:colcon.colcon_core.environment:create_file_with_runtime_dependencies(/home/user/ros2_ws/install/yolo_bringup/share/colcon-core/packages/yolo_bringup)
[54.769s] DEBUG:colcon.colcon_parallel_executor.executor.parallel:closing loop
[54.769s] DEBUG:colcon.colcon_parallel_executor.executor.parallel:loop closed
[54.770s] DEBUG:colcon.colcon_parallel_executor.executor.parallel:run_until_complete finished with '0'
[54.770s] DEBUG:colcon.colcon_core.event_reactor:joining thread
[54.839s] INFO:colcon.colcon_core.plugin_system:Skipping extension 'colcon_notification.desktop_notification.notify_send': Could not find 'notify-send'
[54.840s] INFO:colcon.colcon_core.plugin_system:Skipping extension 'colcon_notification.desktop_notification.terminal_notifier': Not used on non-Darwin systems
[54.840s] INFO:colcon.colcon_core.plugin_system:Skipping extension 'colcon_notification.desktop_notification.win32': Not used on non-Windows systems
[54.840s] INFO:colcon.colcon_notification.desktop_notification:Sending desktop notification using 'notify2'
[54.876s] DEBUG:colcon.colcon_notification.desktop_notification.notify2:Failed to initialize notify2: org.freedesktop.DBus.Error.Spawn.ExecFailed: /usr/bin/dbus-launch terminated abnormally without any error message
[54.876s] DEBUG:colcon.colcon_core.event_reactor:joined thread
[54.877s] INFO:colcon.colcon_core.shell:Creating prefix script '/home/user/ros2_ws/install/local_setup.ps1'
[54.879s] INFO:colcon.colcon_core.shell:Creating prefix util module '/home/user/ros2_ws/install/_local_setup_util_ps1.py'
[54.881s] INFO:colcon.colcon_core.shell:Creating prefix chain script '/home/user/ros2_ws/install/setup.ps1'
[54.883s] INFO:colcon.colcon_core.shell:Creating prefix script '/home/user/ros2_ws/install/local_setup.sh'
[54.884s] INFO:colcon.colcon_core.shell:Creating prefix util module '/home/user/ros2_ws/install/_local_setup_util_sh.py'
[54.884s] INFO:colcon.colcon_core.shell:Creating prefix chain script '/home/user/ros2_ws/install/setup.sh'
[54.886s] INFO:colcon.colcon_core.shell:Creating prefix script '/home/user/ros2_ws/install/local_setup.bash'
[54.887s] INFO:colcon.colcon_core.shell:Creating prefix chain script '/home/user/ros2_ws/install/setup.bash'
[54.889s] INFO:colcon.colcon_core.shell:Creating prefix script '/home/user/ros2_ws/install/local_setup.zsh'
[54.890s] INFO:colcon.colcon_core.shell:Creating prefix chain script '/home/user/ros2_ws/install/setup.zsh'
